Microchip MPLAB XC8 Compiler V2.32

Linker command line:

-W-3 --edf=C:\Program Files\Microchip\xc8\v2.32\pic\dat\en_msgs.txt -cn \
  -h+dist/default/production\Projeto_Final.X.production.sym \
  --cmf=dist/default/production\Projeto_Final.X.production.cmf -z -Q16F877A \
  -oC:\Users\Windows\AppData\Local\Temp\xcAs684.5 --defsym=__MPLAB_BUILD=1 \
  -Mdist/default/production/Projeto_Final.X.production.map -E1 \
  -ver=XC8 Compiler --acfsm=1493 -ASTACK=0110h-016Fh -pstack=STACK \
  -ACODE=00h-07FFhx4 -ASTRCODE=00h-01FFFh -ASTRING=00h-0FFhx32 \
  -ACONST=00h-0FFhx32 -AENTRY=00h-0FFhx32 -ACOMMON=070h-07Fh \
  -ABANK0=020h-06Fh -ABANK1=0A0h-0EFh -ABANK2=0110h-016Fh \
  -ABANK3=0190h-01EFh -ARAM=020h-06Fh,0A0h-0EFh,0110h-016Fh,0190h-01EFh \
  -AABS1=020h-07Fh,0A0h-0EFh,0110h-016Fh,0190h-01EFh -ASFR0=00h-01Fh \
  -ASFR1=080h-09Fh -ASFR2=0100h-010Fh -ASFR3=0180h-018Fh \
  -ACONFIG=02007h-02007h -DCONFIG=2 -AIDLOC=02000h-02003h -DIDLOC=2 \
  -AEEDATA=00h-0FFh/02100h -peeprom_data=EEDATA -DEEDATA=2 -DCODE=2 \
  -DSTRCODE=2 -DSTRING=2 -DCONST=2 -DENTRY=2 \
  -preset_vec=00h,intentry=04h,init,end_init -ppowerup=CODE -pcinit=CODE \
  -pfunctab=ENTRY -k C:\Users\Windows\AppData\Local\Temp\xcAs684.o \
  dist/default/production\Projeto_Final.X.production.o 

Object code version is 3.11

Machine type is 16F877A



                Name                               Link     Load   Length Selector   Space Scale
C:\Users\Windows\AppData\Local\Temp\xcAs684.o
                end_init                              C        C        3        8       0
                reset_vec                             0        0        3        0       0
                config                             2007     2007        1        0       4
dist/default/production\Projeto_Final.X.production.o
                cinit                                 F        F       18        8       0
                intentry                              4        4        8        8       0
                config                             2007     2007        1        0       4
                text31                             18C2     18C2       21     3184       0
                text30                             1B2E     1B2E       58     365C       0
                text29                             18A2     18A2       20     3144       0
                text28                             1886     1886       1C     310C       0
                text27                             1879     1879        D     30F2       0
                text26                             1BDE     1BDE       63     37BC       0
                text25                             1B86     1B86       58     370C       0
                text24                             196F     196F       3D     32DE       0
                text23                             19AC     19AC       46     3358       0
                text22                             1A38     1A38       50     3470       0
                text21                             1D25     1D25       A4     3A4A       0
                text20                             1003     1003        D     2006       0
                text19                             14C0     14C0      340     2980       0
                text18                             1A88     1A88       50     3510       0
                text17                             1CA9     1CA9       7C     3952       0
                text16                             1C41     1C41       68     3882       0
                text15                             1AD8     1AD8       56     35B0       0
                text14                             18E3     18E3       27     31C6       0
                text13                             1DC9     1DC9       BC     3B92       0
                text12                             1F42     1F42       BE     3E84       0
                text11                             1E85     1E85       BD     3D0A       0
                text10                             190A     190A       29     3214       0
                text9                               93C      93C      361     1278       0
                text8                              19F2     19F2       46     33E4       0
                text7                              1933     1933       3C     3266       0
                text6                              1079     1079      20D     20F2       0
                text5                               7E7      7E7       14        8       0
                text4                              1010     1010       69     2020       0
                text3                               8E1      8E1       5B     11C2       0
                text2                               C9D      C9D      363     193A       0
                text1                                27       27      7C0        8       0
                maintext                           1286     1286      23A     250C       0
                cstackBANK0                          20       20       4E       20       1
                cstackCOMMON                         70       70        5       70       1
                cstackBANK1                          A0       A0       32       A0       1
                cstackBANK3                         190      190       28      190       1
                clrtext                            1871     1871        8     30E2       0
                bssBANK3                            1B8      1B8       14      190       1
                bssBANK1                             D2       D2        5       A0       1
                bssCOMMON                            75       75        4       70       1
                strings                             800      800       DD     1000       0

TOTAL           Name                               Link     Load   Length     Space
        CLASS   STACK          

        CLASS   CODE           
                end_init                              C        C        3         0
                cinit                                 F        F       18         0
                intentry                              4        4        8         0
                reset_vec                             0        0        3         0
                text31                             18C2     18C2       21         0
                text30                             1B2E     1B2E       58         0
                text29                             18A2     18A2       20         0
                text28                             1886     1886       1C         0
                text27                             1879     1879        D         0
                text26                             1BDE     1BDE       63         0
                text25                             1B86     1B86       58         0
                text24                             196F     196F       3D         0
                text23                             19AC     19AC       46         0
                text22                             1A38     1A38       50         0
                text21                             1D25     1D25       A4         0
                text20                             1003     1003        D         0
                text19                             14C0     14C0      340         0
                text18                             1A88     1A88       50         0
                text17                             1CA9     1CA9       7C         0
                text16                             1C41     1C41       68         0
                text15                             1AD8     1AD8       56         0
                text14                             18E3     18E3       27         0
                text13                             1DC9     1DC9       BC         0
                text12                             1F42     1F42       BE         0
                text11                             1E85     1E85       BD         0
                text10                             190A     190A       29         0
                text9                               93C      93C      361         0
                text8                              19F2     19F2       46         0
                text7                              1933     1933       3C         0
                text6                              1079     1079      20D         0
                text5                               7E7      7E7       14         0
                text4                              1010     1010       69         0
                text3                               8E1      8E1       5B         0
                text2                               C9D      C9D      363         0
                text1                                27       27      7C0         0
                maintext                           1286     1286      23A         0
                clrtext                            1871     1871        8         0

        CLASS   STRCODE        

        CLASS   STRING         
                strings                             800      800       DD         0

        CLASS   CONST          

        CLASS   ENTRY          

        CLASS   COMMON         
                cstackCOMMON                         70       70        5         1
                bssCOMMON                            75       75        4         1

        CLASS   BANK0          
                cstackBANK0                          20       20       4E         1

        CLASS   BANK1          
                cstackBANK1                          A0       A0       32         1
                bssBANK1                             D2       D2        5         1

        CLASS   BANK2          

        CLASS   BANK3          
                cstackBANK3                         190      190       28         1
                bssBANK3                            1B8      1B8       14         1

        CLASS   RAM            

        CLASS   ABS1           
                abs_s1                               7E       7E        2         1

        CLASS   SFR0           

        CLASS   SFR1           

        CLASS   SFR2           

        CLASS   SFR3           

        CLASS   CONFIG         
                config                             2007     2007        1         4

        CLASS   IDLOC          

        CLASS   EEDATA         



SEGMENTS        Name                           Load    Length   Top    Selector   Space  Class     Delta

                reset_vec                      000000  000003  000003         0       0  CODE        2
                intentry                       000004  0007F7  0007FB         8       0  CODE        2
                cstackBANK0                    000020  00004E  00006E        20       1  BANK0       1
                cstackCOMMON                   000070  000009  000079        70       1  COMMON      1
                cstackBANK1                    0000A0  000037  0000D7        A0       1  BANK1       1
                cstackBANK3                    000190  00003C  0001CC       190       1  BANK3       1
                strings                        000800  0000DD  0008DD      1000       0  STRING      2
                text3                          0008E1  00005B  00093C      11C2       0  CODE        2
                text9                          00093C  000361  000C9D      1278       0  CODE        2
                text2                          000C9D  000363  001000      193A       0  CODE        2
                text20                         001003  00000D  001010      2006       0  CODE        2
                text4                          001010  000069  001079      2020       0  CODE        2
                text6                          001079  00020D  001286      20F2       0  CODE        2
                maintext                       001286  00023A  0014C0      250C       0  CODE        2
                text19                         0014C0  000340  001800      2980       0  CODE        2
                clrtext                        001871  000008  001879      30E2       0  CODE        2
                text27                         001879  00000D  001886      30F2       0  CODE        2
                text28                         001886  00001C  0018A2      310C       0  CODE        2
                text29                         0018A2  000020  0018C2      3144       0  CODE        2
                text31                         0018C2  000021  0018E3      3184       0  CODE        2
                text14                         0018E3  000027  00190A      31C6       0  CODE        2
                text10                         00190A  000029  001933      3214       0  CODE        2
                text7                          001933  00003C  00196F      3266       0  CODE        2
                text24                         00196F  00003D  0019AC      32DE       0  CODE        2
                text23                         0019AC  000046  0019F2      3358       0  CODE        2
                text8                          0019F2  000046  001A38      33E4       0  CODE        2
                text22                         001A38  000050  001A88      3470       0  CODE        2
                text18                         001A88  000050  001AD8      3510       0  CODE        2
                text15                         001AD8  000056  001B2E      35B0       0  CODE        2
                text30                         001B2E  000058  001B86      365C       0  CODE        2
                text25                         001B86  000058  001BDE      370C       0  CODE        2
                text26                         001BDE  000063  001C41      37BC       0  CODE        2
                text16                         001C41  000068  001CA9      3882       0  CODE        2
                text17                         001CA9  00007C  001D25      3952       0  CODE        2
                text21                         001D25  0000A4  001DC9      3A4A       0  CODE        2
                text13                         001DC9  0000BC  001E85      3B92       0  CODE        2
                text11                         001E85  0000BD  001F42      3D0A       0  CODE        2
                text12                         001F42  0000BE  002000      3E84       0  CODE        2


UNUSED ADDRESS RANGES

        Name                Unused          Largest block    Delta
        BANK0            006E-006F              2           1
        BANK1            00D7-00EF             19           1
        BANK2            0110-016F             60           1
        BANK3            01CC-01EF             24           1
        CODE             0003-0003              1           2
                         07FB-07FF              5
                         08DD-08E0              4
                         1000-1002              3
                         1800-1870             71
        COMMON           0079-007D              5           1
        CONST            0003-0003              1           2
                         07FB-07FF              5
                         08DD-08E0              4
                         1000-1002              3
                         1800-1870             71
        EEDATA           2100-21FF            100           2
        ENTRY            0003-0003              1           2
                         07FB-07FF              5
                         08DD-08E0              4
                         1000-1002              3
                         1800-1870             71
        IDLOC            2000-2003              4           2
        RAM              006E-006F              2           1
                         00D7-00EF             19
                         0110-016F             60
                         01CC-01EF             24
        SFR0             0000-001F             20           1
        SFR1             0080-009F             20           1
        SFR2             0100-010F             10           1
        SFR3             0180-018F             10           1
        STACK            0110-016F             60           1
        STRCODE          0003-0003              1           2
                         07FB-07FF              5
                         08DD-08E0              4
                         1000-1002              3
                         1800-1870             71
        STRING           0003-0003              1           2
                         07FB-07FF              5
                         08DD-08E0              4
                         1000-1002              3
                         1800-1870             71

                                  Symbol Table

?__Umul8_16                cstackBANK0  0020
?___awdiv                  cstackBANK0  0027
?___awmod                  cstackBANK0  0020
?___fladd                  cstackBANK0  005E
?___flmul                  cstackBANK0  0030
?___flneg                  cstackBANK0  0020
?___flsub                  cstackBANK1  00A4
?___fltol                  cstackBANK0  005D
?___lldiv                  cstackBANK0  0020
?___llmod                  cstackBANK0  0020
?___lwdiv                  cstackBANK0  0026
?___lwmod                  cstackBANK0  0020
?___wmul                   cstackBANK0  0020
?___xxtofl                 cstackBANK0  0030
?__div_to_l_               cstackBANK0  0020
?__tdiv_to_l_              cstackBANK0  0020
?_conversorADC             cstackCOMMON 0070
?_fround                   cstackBANK0  004A
?_scale                    cstackBANK0  004A
?_sprintf                  cstackBANK1  00AC
Lcd_Cmd@a                  cstackBANK0  0023
Lcd_Port@a                 cstackBANK0  0020
Lcd_Set_Cursor@a           cstackBANK0  0027
Lcd_Set_Cursor@b           cstackBANK0  0024
Lcd_Set_Cursor@temp        cstackBANK0  002A
Lcd_Set_Cursor@y           cstackBANK0  0029
Lcd_Set_Cursor@z           cstackBANK0  0028
Lcd_Write_Char@a           cstackBANK0  0024
Lcd_Write_Char@temp        cstackBANK0  0022
Lcd_Write_Char@y           cstackBANK0  0023
Lcd_Write_String@a         cstackBANK0  0025
Lcd_Write_String@i         cstackBANK0  002A
_ADCON0                    (abs)        001F
_ADCON1                    (abs)        009F
_ADC_corrente              bssBANK3     01C4
_ADC_temp                  bssBANK3     01C8
_ADC_tensao                bssBANK3     01C6
_ADON                      (abs)        00F8
_ADRESH                    (abs)        001E
_ADRESL                    (abs)        009E
_GO                        (abs)        00FA
_GO_DONE                   (abs)        00FA
_INTCONbits                (abs)        000B
_Interrupcao               text30       1B2E
_Lcd_Clear                 text27       1879
_Lcd_Cmd                   text28       1886
_Lcd_Init                  text26       1BDE
_Lcd_Port                  text29       18A2
_Lcd_Set_Cursor            text25       1B86
_Lcd_Write_Char            text24       196F
_Lcd_Write_String          text23       19AC
_OPTION_REGbits            (abs)        0081
_PIE1bits                  (abs)        008C
_PIR1bits                  (abs)        000C
_PORTBbits                 (abs)        0006
_PORTDbits                 (abs)        0008
_T1CONbits                 (abs)        0010
_TMR1H                     (abs)        000F
_TMR1L                     (abs)        000E
_TRISA                     (abs)        0085
_TRISB                     (abs)        0086
_TRISD                     (abs)        0088
_Timer                     bssCOMMON    0075
__Habs1                    abs1         0000
__Hbank0                   bank0        0000
__Hbank1                   bank1        0000
__Hbank2                   bank2        0000
__Hbank3                   bank3        0000
__HbssBANK1                bssBANK1     0000
__HbssBANK3                bssBANK3     0000
__HbssCOMMON               bssCOMMON    0000
__Hcinit                   cinit        0027
__Hclrtext                 clrtext      0000
__Hcode                    code         0000
__Hcommon                  common       0000
__Hconfig                  config       2008
__HcstackBANK0             cstackBANK0  0000
__HcstackBANK1             cstackBANK1  0000
__HcstackBANK3             cstackBANK3  0000
__HcstackCOMMON            cstackCOMMON 0000
__Heeprom_data             eeprom_data  0000
__Hend_init                end_init     000F
__Hfunctab                 functab      0000
__Hinit                    init         000C
__Hintentry                intentry     000C
__Hmaintext                maintext     0000
__Hpowerup                 powerup      0000
__Hram                     ram          0000
__Hreset_vec               reset_vec    0003
__Hsfr0                    sfr0         0000
__Hsfr1                    sfr1         0000
__Hsfr2                    sfr2         0000
__Hsfr3                    sfr3         0000
__Hspace_0                 (abs)        2000
__Hspace_1                 (abs)        01CC
__Hspace_2                 (abs)        0000
__Hspace_3                 (abs)        0000
__Hspace_4                 (abs)        400F
__Hstack                   stack        0000
__Hstrings                 strings      0000
__Htext                    text         0000
__Labs1                    abs1         0000
__Lbank0                   bank0        0000
__Lbank1                   bank1        0000
__Lbank2                   bank2        0000
__Lbank3                   bank3        0000
__LbssBANK1                bssBANK1     0000
__LbssBANK3                bssBANK3     0000
__LbssCOMMON               bssCOMMON    0000
__Lcinit                   cinit        000F
__Lclrtext                 clrtext      0000
__Lcode                    code         0000
__Lcommon                  common       0000
__Lconfig                  config       0000
__LcstackBANK0             cstackBANK0  0000
__LcstackBANK1             cstackBANK1  0000
__LcstackBANK3             cstackBANK3  0000
__LcstackCOMMON            cstackCOMMON 0000
__Leeprom_data             eeprom_data  0000
__Lend_init                end_init     000C
__Lfunctab                 functab      0000
__Linit                    init         000C
__Lintentry                intentry     0004
__Lmaintext                maintext     0000
__Lpowerup                 powerup      0000
__Lram                     ram          0000
__Lreset_vec               reset_vec    0000
__Lsfr0                    sfr0         0000
__Lsfr1                    sfr1         0000
__Lsfr2                    sfr2         0000
__Lsfr3                    sfr3         0000
__Lspace_0                 (abs)        0000
__Lspace_1                 (abs)        0000
__Lspace_2                 (abs)        0000
__Lspace_3                 (abs)        0000
__Lspace_4                 (abs)        0000
__Lstack                   stack        0000
__Lstrings                 strings      0000
__Ltext                    text         0000
__S0                       (abs)        2000
__S1                       (abs)        01CC
__S2                       (abs)        0000
__S3                       (abs)        0000
__Umul8_16                 text10       190A
__Umul8_16@multiplicand    cstackBANK0  0020
__Umul8_16@multiplier      cstackBANK0  0028
__Umul8_16@product         cstackBANK0  0024
__Umul8_16@word_mpld       cstackBANK0  0026
___awdiv                   text4        1010
___awdiv@counter           cstackBANK0  002C
___awdiv@dividend          cstackBANK0  0029
___awdiv@divisor           cstackBANK0  0027
___awdiv@quotient          cstackBANK0  002E
___awdiv@sign              cstackBANK0  002D
___awmod                   text3        08E1
___awmod@counter           cstackBANK0  0025
___awmod@dividend          cstackBANK0  0022
___awmod@divisor           cstackBANK0  0020
___awmod@sign              cstackBANK0  0026
___fladd                   text19       14C0
___fladd@a                 cstackBANK0  0062
___fladd@aexp              cstackBANK1  00A1
___fladd@b                 cstackBANK0  005E
___fladd@bexp              cstackBANK1  00A2
___fladd@grs               cstackBANK1  00A3
___fladd@signs             cstackBANK1  00A0
___fleq                    text22       1A38
___fleq@ff1                cstackBANK0  0020
___fleq@ff2                cstackBANK0  0024
___flge                    text21       1D25
___flge@ff1                cstackBANK0  0020
___flge@ff2                cstackBANK0  0024
___flmul                   text9        093C
___flmul@a                 cstackBANK0  0034
___flmul@aexp              cstackBANK0  003E
___flmul@b                 cstackBANK0  0030
___flmul@bexp              cstackBANK0  0043
___flmul@grs               cstackBANK0  003F
___flmul@prod              cstackBANK0  0044
___flmul@sign              cstackBANK0  003D
___flmul@temp              cstackBANK0  0048
___flneg                   text20       1003
___flneg@f1                cstackBANK0  0020
___flsub                   text18       1A88
___flsub@a                 cstackBANK1  00A4
___flsub@b                 cstackBANK1  00A8
___fltol                   text17       1CA9
___fltol@exp1              cstackBANK0  0067
___fltol@f1                cstackBANK0  005D
___fltol@sign1             cstackBANK0  0066
___int_sp                  stack        0000
___latbits                 (abs)        0002
___lldiv                   text16       1C41
___lldiv@counter           cstackBANK0  002D
___lldiv@dividend          cstackBANK0  0024
___lldiv@divisor           cstackBANK0  0020
___lldiv@quotient          cstackBANK0  0029
___llmod                   text15       1AD8
___llmod@counter           cstackBANK0  0029
___llmod@dividend          cstackBANK0  0024
___llmod@divisor           cstackBANK0  0020
___lwdiv                   text8        19F2
___lwdiv@counter           cstackBANK0  002D
___lwdiv@dividend          cstackBANK0  0028
___lwdiv@divisor           cstackBANK0  0026
___lwdiv@quotient          cstackBANK0  002B
___lwmod                   text7        1933
___lwmod@counter           cstackBANK0  0025
___lwmod@dividend          cstackBANK0  0022
___lwmod@divisor           cstackBANK0  0020
___sp                      stack        0000
___stackhi                 (abs)        0000
___stacklo                 (abs)        0000
___wmul                    text14       18E3
___wmul@multiplicand       cstackBANK0  0022
___wmul@multiplier         cstackBANK0  0020
___wmul@product            cstackBANK0  0024
___xxtofl                  text13       1DC9
___xxtofl@arg              cstackBANK0  003A
___xxtofl@exp              cstackBANK0  0039
___xxtofl@sign             cstackBANK0  0038
___xxtofl@val              cstackBANK0  0030
__div_to_l_                text12       1F42
__div_to_l_@cntr           cstackBANK0  002D
__div_to_l_@exp1           cstackBANK0  002E
__div_to_l_@f1             cstackBANK0  0020
__div_to_l_@f2             cstackBANK0  0024
__div_to_l_@quot           cstackBANK0  0029
__end_of_Interrupcao       text30       1B86
__end_of_Lcd_Clear         text27       1886
__end_of_Lcd_Cmd           text28       18A2
__end_of_Lcd_Init          text26       1C41
__end_of_Lcd_Port          text29       18C2
__end_of_Lcd_Set_Cursor    text25       1BDE
__end_of_Lcd_Write_Char    text24       19AC
__end_of_Lcd_Write_String  text23       19F2
__end_of__Umul8_16         text10       1933
__end_of___awdiv           text4        1079
__end_of___awmod           text3        093C
__end_of___fladd           text19       1800
__end_of___fleq            text22       1A88
__end_of___flge            text21       1DC9
__end_of___flmul           text9        0C9D
__end_of___flneg           text20       1010
__end_of___flsub           text18       1AD8
__end_of___fltol           text17       1D25
__end_of___lldiv           text16       1CA9
__end_of___llmod           text15       1B2E
__end_of___lwdiv           text8        1A38
__end_of___lwmod           text7        196F
__end_of___wmul            text14       190A
__end_of___xxtofl          text13       1E85
__end_of__div_to_l_        text12       2000
__end_of__initialization   cinit        0023
__end_of__npowers_         strings      0878
__end_of__powers_          strings      0844
__end_of__stringtab        strings      0810
__end_of__tdiv_to_l_       text11       1F42
__end_of_conversorADC      text31       18E3
__end_of_dpowers           strings      08A0
__end_of_fround            text6        1286
__end_of_isdigit           text5        07FB
__end_of_main              maintext     14C0
__end_of_scale             text2        1000
__end_of_sprintf           text1        07E7
__initialization           cinit        000F
__npowers_                 strings      0844
__pbssBANK1                bssBANK1     00D2
__pbssBANK3                bssBANK3     01B8
__pbssCOMMON               bssCOMMON    0075
__pcstackBANK0             cstackBANK0  0020
__pcstackBANK1             cstackBANK1  00A0
__pcstackBANK3             cstackBANK3  0190
__pcstackCOMMON            cstackCOMMON 0070
__pintentry                intentry     0004
__pmaintext                maintext     1286
__powers_                  strings      0810
__pstrings                 strings      0800
__ptext1                   text1        0027
__ptext10                  text10       190A
__ptext11                  text11       1E85
__ptext12                  text12       1F42
__ptext13                  text13       1DC9
__ptext14                  text14       18E3
__ptext15                  text15       1AD8
__ptext16                  text16       1C41
__ptext17                  text17       1CA9
__ptext18                  text18       1A88
__ptext19                  text19       14C0
__ptext2                   text2        0C9D
__ptext20                  text20       1003
__ptext21                  text21       1D25
__ptext22                  text22       1A38
__ptext23                  text23       19AC
__ptext24                  text24       196F
__ptext25                  text25       1B86
__ptext26                  text26       1BDE
__ptext27                  text27       1879
__ptext28                  text28       1886
__ptext29                  text29       18A2
__ptext3                   text3        08E1
__ptext30                  text30       1B2E
__ptext31                  text31       18C2
__ptext4                   text4        1010
__ptext5                   text5        07E7
__ptext6                   text6        1079
__ptext7                   text7        1933
__ptext8                   text8        19F2
__ptext9                   text9        093C
__size_of_Interrupcao      (abs)        0000
__size_of_Lcd_Clear        (abs)        0000
__size_of_Lcd_Cmd          (abs)        0000
__size_of_Lcd_Init         (abs)        0000
__size_of_Lcd_Port         (abs)        0000
__size_of_Lcd_Set_Cursor   (abs)        0000
__size_of_Lcd_Write_Char   (abs)        0000
__size_of_Lcd_Write_String (abs)        0000
__size_of__Umul8_16        (abs)        0000
__size_of___awdiv          (abs)        0000
__size_of___awmod          (abs)        0000
__size_of___fladd          (abs)        0000
__size_of___fleq           (abs)        0000
__size_of___flge           (abs)        0000
__size_of___flmul          (abs)        0000
__size_of___flneg          (abs)        0000
__size_of___flsub          (abs)        0000
__size_of___fltol          (abs)        0000
__size_of___lldiv          (abs)        0000
__size_of___llmod          (abs)        0000
__size_of___lwdiv          (abs)        0000
__size_of___lwmod          (abs)        0000
__size_of___wmul           (abs)        0000
__size_of___xxtofl         (abs)        0000
__size_of__div_to_l_       (abs)        0000
__size_of__tdiv_to_l_      (abs)        0000
__size_of_conversorADC     (abs)        0000
__size_of_fround           (abs)        0000
__size_of_isdigit          (abs)        0000
__size_of_main             (abs)        0000
__size_of_scale            (abs)        0000
__size_of_sprintf          (abs)        0000
__stringbase               strings      080F
__stringtab                strings      0800
__tdiv_to_l_               text11       1E85
__tdiv_to_l_@cntr          cstackBANK0  0030
__tdiv_to_l_@exp1          cstackBANK0  0031
__tdiv_to_l_@f1            cstackBANK0  0020
__tdiv_to_l_@f2            cstackBANK0  0024
__tdiv_to_l_@quot          cstackBANK0  002C
_conversorADC              text31       18C2
_corrente                  bssBANK3     01B8
_dpowers                   strings      0878
_flag                      bssBANK3     01CA
_fround                    text6        1079
_fround$1010               cstackBANK0  0059
_fround$1011               cstackBANK0  0055
_isdigit                   text5        07E7
_isdigit$819               cstackBANK0  0020
_main                      maintext     1286
_scale                     text2        0C9D
_scale$1012                cstackBANK0  0058
_sprintf                   text1        0027
_sprintf$1013              cstackBANK1  00B6
_temperatura               bssBANK3     01C0
_tensao                    bssBANK3     01BC
btemp                      (abs)        007E
clear_ram0                 clrtext      1871
conversorADC@canal         cstackCOMMON 0070
end_of_initialization      cinit        0023
fround@prec                cstackBANK0  005D
interrupt_function         intentry     0004
intlevel0                  functab      0000
intlevel1                  functab      0000
intlevel2                  functab      0000
intlevel3                  functab      0000
intlevel4                  functab      0000
intlevel5                  functab      0000
isdigit@c                  cstackBANK0  0021
main@msg                   cstackBANK3  01A4
main@msg1                  cstackBANK3  0190
reset_vec                  reset_vec    0000
saved_w                    (abs)        007E
scale@scl                  cstackBANK0  005C
sprintf@ap                 cstackBANK1  00BA
sprintf@c                  cstackBANK1  00CE
sprintf@eexp               cstackBANK1  00C1
sprintf@f                  cstackBANK1  00AC
sprintf@flag               cstackBANK1  00BB
sprintf@fval               cstackBANK1  00CA
sprintf@prec               cstackBANK1  00C8
sprintf@sp                 cstackBANK1  00C7
sprintf@tmpval             cstackBANK1  00C3
sprintf@val                cstackBANK1  00BD
start                      init         000C
start_initialization       cinit        000F
wtemp0                     (abs)        007E


MODULE INFORMATION

Module		Function		Class		Link	Load	Size
C:\Program Files\Microchip\xc8\v2.32\pic\sources\c90\common\isdigit.c
		_isdigit       		CODE           	07E7	0000	20

C:\Program Files\Microchip\xc8\v2.32\pic\sources\c90\common\isdigit.c estimated size: 20

C:\Program Files\Microchip\xc8\v2.32\pic\sources\c90\common\sprcadd.c
		___flsub       		CODE           	1A88	0000	80
		___fladd       		CODE           	14C0	0000	832

C:\Program Files\Microchip\xc8\v2.32\pic\sources\c90\common\sprcadd.c estimated size: 912

C:\Program Files\Microchip\xc8\v2.32\pic\sources\c90\common\flge.c
		___flge        		CODE           	1D25	0000	164

C:\Program Files\Microchip\xc8\v2.32\pic\sources\c90\common\flge.c estimated size: 164

C:\Program Files\Microchip\xc8\v2.32\pic\sources\c90\common\fldivl.c
		__div_to_l_    		CODE           	1F42	0000	190

C:\Program Files\Microchip\xc8\v2.32\pic\sources\c90\common\fldivl.c estimated size: 190

C:\Program Files\Microchip\xc8\v2.32\pic\sources\c90\common\flneg.c
		___flneg       		CODE           	1003	0000	13

C:\Program Files\Microchip\xc8\v2.32\pic\sources\c90\common\flneg.c estimated size: 13

C:\Program Files\Microchip\xc8\v2.32\pic\sources\c90\common\xxtofl.c
		___xxtofl      		CODE           	1DC9	0000	188

C:\Program Files\Microchip\xc8\v2.32\pic\sources\c90\common\xxtofl.c estimated size: 188

./lcd.h
		_Lcd_Write_String		CODE           	19AC	0000	70
		_Lcd_Init      		CODE           	1BDE	0000	99
		_Lcd_Write_Char		CODE           	196F	0000	61
		_Lcd_Cmd       		CODE           	1886	0000	28
		_Lcd_Set_Cursor		CODE           	1B86	0000	88
		_Lcd_Clear     		CODE           	1879	0000	13
		_Lcd_Port      		CODE           	18A2	0000	32

./lcd.h estimated size: 391

C:\Program Files\Microchip\xc8\v2.32\pic\sources\c90\common\Umul8_16.c
		__Umul8_16     		CODE           	190A	0000	41

C:\Program Files\Microchip\xc8\v2.32\pic\sources\c90\common\Umul8_16.c estimated size: 41

C:\Program Files\Microchip\xc8\v2.32\pic\sources\c90\common\lwmod.c
		___lwmod       		CODE           	1933	0000	60

C:\Program Files\Microchip\xc8\v2.32\pic\sources\c90\common\lwmod.c estimated size: 60

C:\Program Files\Microchip\xc8\v2.32\pic\sources\c90\common\awmod.c
		___awmod       		CODE           	08E1	0000	91

C:\Program Files\Microchip\xc8\v2.32\pic\sources\c90\common\awmod.c estimated size: 91

C:\Program Files\Microchip\xc8\v2.32\pic\sources\c90\common\llmod.c
		___llmod       		CODE           	1AD8	0000	86

C:\Program Files\Microchip\xc8\v2.32\pic\sources\c90\common\llmod.c estimated size: 86

Main.c
		_conversorADC  		CODE           	18C2	0000	33
		_Interrupcao   		CODE           	1B2E	0000	88
		_main          		CODE           	1286	0000	570

Main.c estimated size: 691

shared
		__stringtab    		STRING         	0800	0000	16
		__powers_      		STRING         	0810	0000	52
		_dpowers       		STRING         	0878	0000	40
		__npowers_     		STRING         	0844	0000	52
		__initialization		CODE           	000F	0000	20

shared estimated size: 180

C:\Program Files\Microchip\xc8\v2.32\pic\sources\c90\common\fleq.c
		___fleq        		CODE           	1A38	0000	80

C:\Program Files\Microchip\xc8\v2.32\pic\sources\c90\common\fleq.c estimated size: 80

C:\Program Files\Microchip\xc8\v2.32\pic\sources\c90\common\sprcmul.c
		___flmul       		CODE           	093C	0000	865

C:\Program Files\Microchip\xc8\v2.32\pic\sources\c90\common\sprcmul.c estimated size: 865

C:\Program Files\Microchip\xc8\v2.32\pic\sources\c90\common\doprnt.c
		_scale         		CODE           	0C9D	0000	867
		_sprintf       		CODE           	0027	0000	1984
		_fround        		CODE           	1079	0000	525

C:\Program Files\Microchip\xc8\v2.32\pic\sources\c90\common\doprnt.c estimated size: 3376

C:\Program Files\Microchip\xc8\v2.32\pic\sources\c90\common\ftdivl.c
		__tdiv_to_l_   		CODE           	1E85	0000	189

C:\Program Files\Microchip\xc8\v2.32\pic\sources\c90\common\ftdivl.c estimated size: 189

C:\Program Files\Microchip\xc8\v2.32\pic\sources\c90\common\lwdiv.c
		___lwdiv       		CODE           	19F2	0000	70

C:\Program Files\Microchip\xc8\v2.32\pic\sources\c90\common\lwdiv.c estimated size: 70

C:\Program Files\Microchip\xc8\v2.32\pic\sources\c90\common\awdiv.c
		___awdiv       		CODE           	1010	0000	105

C:\Program Files\Microchip\xc8\v2.32\pic\sources\c90\common\awdiv.c estimated size: 105

C:\Program Files\Microchip\xc8\v2.32\pic\sources\c90\common\Umul16.c
		___wmul        		CODE           	18E3	0000	39

C:\Program Files\Microchip\xc8\v2.32\pic\sources\c90\common\Umul16.c estimated size: 39

C:\Program Files\Microchip\xc8\v2.32\pic\sources\c90\common\fltol.c
		___fltol       		CODE           	1CA9	0000	124

C:\Program Files\Microchip\xc8\v2.32\pic\sources\c90\common\fltol.c estimated size: 124

C:\Program Files\Microchip\xc8\v2.32\pic\sources\c90\common\__lldiv.c
		___lldiv       		CODE           	1C41	0000	104

C:\Program Files\Microchip\xc8\v2.32\pic\sources\c90\common\__lldiv.c estimated size: 104

